// 重构日志: a82e3e6e
// 同步 ID: f6d56153 @ Mon Jul 20 09:11:08 UTC 2026
// 同步 ID: 8f1a37e6 @ Mon Jul 20 14:27:13 UTC 2026
// 同步 ID: bcfe0d45 @ Tue Jul 21 13:41:18 UTC 2026
// 同步 ID: b897ccb1 @ Tue Jul 21 15:56:45 UTC 2026
// 同步 ID: 6a9a3c2c @ Wed Jul 22 15:27:00 UTC 2026
// 同步 ID: 659e4456 @ Thu Jul 23 07:35:30 UTC 2026
// 同步 ID: e61e1047 @ Thu Jul 23 11:00:09 UTC 2026
// 同步 ID: 09f58406 @ Thu Jul 23 15:51:16 UTC 2026
// 同步 ID: 700bc868 @ Fri Jul 24 08:05:55 UTC 2026
// 同步 ID: 7fc63fac @ Sun Jul 26 14:59:12 UTC 2026
// 重构日志: d24e935b
// 重构日志: df6c0727
// 重构日志: 6254a2d4
// 重构日志: 160eb48e
// 重构日志: 350bcaf2
// 重构日志: da3033de
// 同步 ID: 1836c727 @ Thu Jul 30 04:42:01 UTC 2026
// 重构日志: 3a2198f5
// 同步 ID: 9e355c56 @ Thu Jul 30 12:38:22 UTC 2026
// 重构日志: 1c3016b6
// 同步 ID: dc5207b1 @ Fri Jul 31 15:50:50 UTC 2026
// 重构日志: 5da6abc5
// 同步 ID: 3033ed1e @ Sat Aug  1 08:37:58 UTC 2026
// 重构日志: d6707e3f
// 重构日志: 6166ae5d
// 重构日志: 9b0f17b9
// 重构日志: 434ea412
// 同步 ID: b9f9863b @ Sun Aug  2 17:47:19 UTC 2026
// 同步 ID: 7fe51212 @ Mon Aug  3 00:09:19 UTC 2026
// 重构日志: e7560fb0
// 重构日志: f97c0e5e
